

Microchip MPLAB XC8 Assembler V2.50 build 20240725155939 
                                                                                               Mon Jul 21 19:37:44 2025

Microchip MPLAB XC8 C Compiler v2.50 (Free license) build 20240725155939 Og1 
     1                           	processor	12F675
     2                           	pagewidth 120
     3                           	opt	flic
     4                           	psect	idataBANK0,global,class=CODE,space=0,delta=2,noexec
     5                           	psect	cinit,global,class=CODE,space=0,merge=1,delta=2
     6                           	psect	bssBANK0,global,class=BANK0,space=1,delta=1,noexec
     7                           	psect	dataBANK0,global,class=BANK0,space=1,delta=1,noexec
     8                           	psect	clrtext,global,class=CODE,space=0,delta=2
     9                           	psect	cstackCOMMON,global,class=COMMON,space=1,delta=1,noexec
    10                           	psect	cstackBANK0,global,class=BANK0,space=1,delta=1,noexec
    11                           	psect	maintext,global,class=CODE,space=0,split=1,delta=2
    12                           	psect	text1,local,class=CODE,space=0,merge=1,delta=2
    13                           	psect	intentry,global,class=CODE,space=0,delta=2
    14                           	psect	text2,local,class=CODE,space=0,merge=1,delta=2,group=1
    15                           	psect	text3,local,class=CODE,space=0,merge=1,delta=2,group=1
    16                           	psect	text4,local,class=CODE,space=0,merge=1,delta=2,group=1
    17                           	psect	config,global,abs,ovrld,class=CONFIG,space=4,delta=2,noexec
    18                           	dabs	1,0x5E,2
    19     0000                     
    20                           ; Generated 17/08/2023 GMT
    21                           ; 
    22                           ; Copyright © 2023, Microchip Technology Inc. and its subsidiaries ("Microchip")
    23                           ; All rights reserved.
    24                           ; 
    25                           ; This software is developed by Microchip Technology Inc. and its subsidiaries ("Microch
      +                          ip").
    26                           ; 
    27                           ; Redistribution and use in source and binary forms, with or without modification, are
    28                           ; permitted provided that the following conditions are met:
    29                           ; 
    30                           ;     1. Redistributions of source code must retain the above copyright notice, this lis
      +                          t of
    31                           ;        conditions and the following disclaimer.
    32                           ; 
    33                           ;     2. Redistributions in binary form must reproduce the above copyright notice, this 
      +                          list
    34                           ;        of conditions and the following disclaimer in the documentation and/or other
    35                           ;        materials provided with the distribution. Publication is not required when
    36                           ;        this file is used in an embedded application.
    37                           ; 
    38                           ;     3. Microchip's name may not be used to endorse or promote products derived from th
      +                          is
    39                           ;        software without specific prior written permission.
    40                           ; 
    41                           ; THIS SOFTWARE IS PROVIDED BY MICROCHIP "AS IS" AND ANY EXPRESS OR IMPLIED WARRANTIES,
    42                           ; INCLUDING, BUT NOT LIMITED TO, THE IMPLIED WARRANTIES OF MERCHANTABILITY AND FITNESS F
      +                          OR
    43                           ; PURPOSE ARE DISCLAIMED.  IN NO EVENT SHALL MICROCHIP BE LIABLE FOR ANY DIRECT, INDIREC
      +                          T,
    44                           ; INCIDENTAL, SPECIAL, EXEMPLARY, OR CONSEQUENTIAL DAMAGES (INCLUDING BUT NOT LIMITED TO
    45                           ; PROCUREMENT OF SUBSTITUTE GOODS OR SERVICES; LOSS OF USE, DATA OR PROFITS; OR BUSINESS
    46                           ; INTERRUPTION) HOWSOEVER CAUSED AND ON ANY THEORY OF LIABILITY, WHETHER IN CONTRACT, ST
      +                          RICT
    47                           ; LIABILITY, OR TORT (INCLUDING NEGLIGENCE OR OTHERWISE) ARISING IN ANY WAY OUT OF THE U
      +                          SE OF
    48                           ; THIS SOFTWARE, EVEN IF ADVISED OF THE POSSIBILITY OF SUCH DAMAGE.
    49                           ; 
    50                           ; 
    51                           ; Code-generator required, PIC12F675 Definitions
    52                           ; 
    53                           ; SFR Addresses
    54     0004                     fsr             equ	4
    55     0004                     fsr0            equ	4
    56     0000                     indf            equ	0
    57     0000                     indf0           equ	0
    58     0002                     pc              equ	2
    59     0002                     pcl             equ	2
    60     000A                     pclath          equ	10
    61     0003                     status          equ	3
    62     0000                     INDF            equ	0	;# 
    63     0001                     TMR0            equ	1	;# 
    64     0002                     PCL             equ	2	;# 
    65     0003                     STATUS          equ	3	;# 
    66     0004                     FSR             equ	4	;# 
    67     0005                     GPIO            equ	5	;# 
    68     000A                     PCLATH          equ	10	;# 
    69     000B                     INTCON          equ	11	;# 
    70     000C                     PIR1            equ	12	;# 
    71     000E                     TMR1            equ	14	;# 
    72     000E                     TMR1L           equ	14	;# 
    73     000F                     TMR1H           equ	15	;# 
    74     0010                     T1CON           equ	16	;# 
    75     0019                     CMCON           equ	25	;# 
    76     001E                     ADRESH          equ	30	;# 
    77     001F                     ADCON0          equ	31	;# 
    78     0081                     OPTION_REG      equ	129	;# 
    79     0085                     TRISIO          equ	133	;# 
    80     008C                     PIE1            equ	140	;# 
    81     008E                     PCON            equ	142	;# 
    82     0090                     OSCCAL          equ	144	;# 
    83     0095                     WPU             equ	149	;# 
    84     0096                     IOC             equ	150	;# 
    85     0096                     IOCB            equ	150	;# 
    86     0099                     VRCON           equ	153	;# 
    87     009A                     EEDATA          equ	154	;# 
    88     009A                     EEDAT           equ	154	;# 
    89     009B                     EEADR           equ	155	;# 
    90     009C                     EECON1          equ	156	;# 
    91     009D                     EECON2          equ	157	;# 
    92     009E                     ADRESL          equ	158	;# 
    93     009F                     ANSEL           equ	159	;# 
    94     0000                     INDF            equ	0	;# 
    95     0001                     TMR0            equ	1	;# 
    96     0002                     PCL             equ	2	;# 
    97     0003                     STATUS          equ	3	;# 
    98     0004                     FSR             equ	4	;# 
    99     0005                     GPIO            equ	5	;# 
   100     000A                     PCLATH          equ	10	;# 
   101     000B                     INTCON          equ	11	;# 
   102     000C                     PIR1            equ	12	;# 
   103     000E                     TMR1            equ	14	;# 
   104     000E                     TMR1L           equ	14	;# 
   105     000F                     TMR1H           equ	15	;# 
   106     0010                     T1CON           equ	16	;# 
   107     0019                     CMCON           equ	25	;# 
   108     001E                     ADRESH          equ	30	;# 
   109     001F                     ADCON0          equ	31	;# 
   110     0081                     OPTION_REG      equ	129	;# 
   111     0085                     TRISIO          equ	133	;# 
   112     008C                     PIE1            equ	140	;# 
   113     008E                     PCON            equ	142	;# 
   114     0090                     OSCCAL          equ	144	;# 
   115     0095                     WPU             equ	149	;# 
   116     0096                     IOC             equ	150	;# 
   117     0096                     IOCB            equ	150	;# 
   118     0099                     VRCON           equ	153	;# 
   119     009A                     EEDATA          equ	154	;# 
   120     009A                     EEDAT           equ	154	;# 
   121     009B                     EEADR           equ	155	;# 
   122     009C                     EECON1          equ	156	;# 
   123     009D                     EECON2          equ	157	;# 
   124     009E                     ADRESL          equ	158	;# 
   125     009F                     ANSEL           equ	159	;# 
   126                           
   127                           	psect	idataBANK0
   128     032E                     __pidataBANK0:
   129                           
   130                           ;initializer for _readAndDecide
   131     032E  3401               	retlw	1
   132     000B                     _INTCON         set	11
   133     001F                     _ADCON0         set	31
   134     0019                     _CMCON          set	25
   135     0001                     _TMR0           set	1
   136     001E                     _ADRESH         set	30
   137     00F8                     _ADON           set	248
   138     005A                     _TMR0IF         set	90
   139     0028                     _GP0            set	40
   140     0029                     _GP1            set	41
   141     00F9                     _GO_nDONE       set	249
   142     0081                     _OPTION_REG     set	129
   143     0090                     _OSCCAL         set	144
   144     0095                     _WPU            set	149
   145     009F                     _ANSEL          set	159
   146     0085                     _TRISIO         set	133
   147     009E                     _ADRESL         set	158
   148                           
   149                           	psect	cinit
   150     000E                     start_initialization:	
   151                           ; #config settings
   152                           
   153     000E                     __initialization:
   154                           
   155                           ; Initialize objects allocated to BANK0
   156     000E  232E               	fcall	__pidataBANK0	;fetch initializer
   157     000F  00DC               	movwf	__pdataBANK0& (0+127)
   158                           
   159                           ; Clear objects allocated to BANK0
   160     0010  1383               	bcf	3,7	;select IRP bank0
   161     0011  304D               	movlw	low __pbssBANK0
   162     0012  0084               	movwf	4
   163     0013  305C               	movlw	low (__pbssBANK0+15)
   164     0014  2326               	fcall	clear_ram0
   165     0015                     end_of_initialization:	
   166                           ;End of C runtime variable initialization code
   167                           
   168     0015                     __end_of__initialization:
   169     0015  0183               	clrf	3
   170     0016  2B0C               	ljmp	_main	;jump to C main() function
   171                           
   172                           	psect	bssBANK0
   173     004D                     __pbssBANK0:
   174     004D                     _temp_x100:
   175     004D                     	ds	4
   176     0051                     _units:
   177     0051                     	ds	2
   178     0053                     _tens:
   179     0053                     	ds	2
   180     0055                     _voltage:
   181     0055                     	ds	2
   182     0057                     _reading:
   183     0057                     	ds	2
   184     0059                     _executeUnits:
   185     0059                     	ds	1
   186     005A                     _executeTens:
   187     005A                     	ds	1
   188     005B                     _counter:
   189     005B                     	ds	1
   190                           
   191                           	psect	dataBANK0
   192     005C                     __pdataBANK0:
   193     005C                     _readAndDecide:
   194     005C                     	ds	1
   195                           
   196                           	psect	clrtext
   197     0326                     clear_ram0:	
   198                           ;	Called with FSR containing the base address, and
   199                           ;	W with the last address+1
   200                           
   201     0326  0064               	clrwdt	;clear the watchdog before getting into this loop
   202     0327                     clrloop0:
   203     0327  0180               	clrf	0	;clear RAM location pointed to by FSR
   204     0328  0A84               	incf	4,f	;increment pointer
   205     0329  0604               	xorwf	4,w	;XOR with final address
   206     032A  1903               	btfsc	3,2	;have we reached the end yet?
   207     032B  3400               	retlw	0	;all done for this memory range, return
   208     032C  0604               	xorwf	4,w	;XOR again to restore value
   209     032D  2B27               	goto	clrloop0	;do the next byte
   210                           
   211                           	psect	cstackCOMMON
   212     0000                     __pcstackCOMMON:
   213     0000                     ??_main:
   214     0000                     ??___awdiv:	
   215                           ; 1 bytes @ 0x0
   216                           
   217                           
   218                           	psect	cstackBANK0
   219     0020                     __pcstackBANK0:	
   220                           ; 1 bytes @ 0x0
   221                           
   222     0020                     ?_isr:
   223     0020                     ?_main:	
   224                           ; 1 bytes @ 0x0
   225                           
   226     0020                     ?___awdiv:	
   227                           ; 1 bytes @ 0x0
   228                           
   229     0020                     ?___lmul:	
   230                           ; 2 bytes @ 0x0
   231                           
   232     0020                     ___awdiv@divisor:	
   233                           ; 4 bytes @ 0x0
   234                           
   235     0020                     ___lmul@multiplier:	
   236                           ; 2 bytes @ 0x0
   237                           
   238                           
   239                           ; 4 bytes @ 0x0
   240     0020                     	ds	2
   241     0022                     ___awdiv@dividend:
   242                           
   243                           ; 2 bytes @ 0x2
   244     0022                     	ds	2
   245     0024                     ___awdiv@counter:
   246     0024                     ___lmul@multiplicand:	
   247                           ; 1 bytes @ 0x4
   248                           
   249                           
   250                           ; 4 bytes @ 0x4
   251     0024                     	ds	1
   252     0025                     ___awdiv@sign:
   253                           
   254                           ; 1 bytes @ 0x5
   255     0025                     	ds	1
   256     0026                     ___awdiv@quotient:
   257                           
   258                           ; 2 bytes @ 0x6
   259     0026                     	ds	2
   260     0028                     ??___lmul:
   261                           
   262                           ; 1 bytes @ 0x8
   263     0028                     	ds	1
   264     0029                     ___lmul@product:
   265                           
   266                           ; 4 bytes @ 0x9
   267     0029                     	ds	4
   268     002D                     ?___aldiv:
   269     002D                     ___aldiv@divisor:	
   270                           ; 4 bytes @ 0xD
   271                           
   272                           
   273                           ; 4 bytes @ 0xD
   274     002D                     	ds	4
   275     0031                     ___aldiv@dividend:
   276                           
   277                           ; 4 bytes @ 0x11
   278     0031                     	ds	4
   279     0035                     ??___aldiv:
   280                           
   281                           ; 1 bytes @ 0x15
   282     0035                     	ds	1
   283     0036                     ___aldiv@counter:
   284                           
   285                           ; 1 bytes @ 0x16
   286     0036                     	ds	1
   287     0037                     ___aldiv@sign:
   288                           
   289                           ; 1 bytes @ 0x17
   290     0037                     	ds	1
   291     0038                     ___aldiv@quotient:
   292                           
   293                           ; 4 bytes @ 0x18
   294     0038                     	ds	4
   295     003C                     ??_isr:
   296                           
   297                           ; 1 bytes @ 0x1C
   298     003C                     	ds	11
   299     0047                     isr@r_ntc:
   300                           
   301                           ; 2 bytes @ 0x27
   302     0047                     	ds	2
   303     0049                     isr@temp_x100:
   304                           
   305                           ; 2 bytes @ 0x29
   306     0049                     	ds	2
   307     004B                     isr@vadc_mV:
   308                           
   309                           ; 2 bytes @ 0x2B
   310     004B                     	ds	2
   311                           
   312                           	psect	maintext
   313     030C                     __pmaintext:	
   314 ;;
   315 ;;Main: autosize = 0, tempsize = 0, incstack = 0, save=0
   316 ;;
   317 ;; *************** function _main *****************
   318 ;; Defined at:
   319 ;;		line 126 in file "main.c"
   320 ;; Parameters:    Size  Location     Type
   321 ;;		None
   322 ;; Auto vars:     Size  Location     Type
   323 ;;		None
   324 ;; Return value:  Size  Location     Type
   325 ;;                  1    wreg      void 
   326 ;; Registers used:
   327 ;;		status,2
   328 ;; Tracked objects:
   329 ;;		On entry : B00/0
   330 ;;		On exit  : 0/0
   331 ;;		Unchanged: 0/0
   332 ;; Data sizes:     COMMON   BANK0
   333 ;;      Params:         0       0
   334 ;;      Locals:         0       0
   335 ;;      Temps:          0       0
   336 ;;      Totals:         0       0
   337 ;;Total ram usage:        0 bytes
   338 ;; Hardware stack levels required when called: 2
   339 ;; This function calls:
   340 ;;		Nothing
   341 ;; This function is called by:
   342 ;;		Startup code after reset
   343 ;; This function uses a non-reentrant model
   344 ;;
   345                           
   346     030C                     _main:	
   347                           ;psect for function _main
   348                           
   349     030C                     l1008:	
   350                           ;incstack = 0
   351                           ; Regs used in _main: [status,2]
   352                           
   353                           
   354                           ;main.c: 127:     TRISIO = 0b010100;
   355     030C  3014               	movlw	20
   356     030D  1683               	bsf	3,5	;RP0=1, select bank1
   357     030E  0085               	movwf	5	;volatile
   358                           
   359                           ;main.c: 128:     CMCON = 7;
   360     030F  3007               	movlw	7
   361     0310  1283               	bcf	3,5	;RP0=0, select bank0
   362     0311  0099               	movwf	25	;volatile
   363                           
   364                           ;main.c: 129:     ANSEL = 0b00011100;
   365     0312  301C               	movlw	28
   366     0313  1683               	bsf	3,5	;RP0=1, select bank1
   367     0314  009F               	movwf	31	;volatile
   368                           
   369                           ;main.c: 130:     ADCON0=0b10001001;
   370     0315  3089               	movlw	137
   371     0316  1283               	bcf	3,5	;RP0=0, select bank0
   372     0317  009F               	movwf	31	;volatile
   373                           
   374                           ;main.c: 132:     ADON=1;
   375     0318  141F               	bsf	31,0	;volatile
   376     0319                     l1010:
   377                           
   378                           ;main.c: 133:     WPU = 0X00;
   379     0319  1683               	bsf	3,5	;RP0=1, select bank1
   380     031A  0195               	clrf	21	;volatile
   381                           
   382                           ;main.c: 134:     TMR0 = 0;
   383     031B  1283               	bcf	3,5	;RP0=0, select bank0
   384     031C  0181               	clrf	1	;volatile
   385     031D                     l1012:
   386                           
   387                           ;main.c: 135:     OSCCAL = 0b11111111;
   388     031D  30FF               	movlw	255
   389     031E  1683               	bsf	3,5	;RP0=1, select bank1
   390     031F  0090               	movwf	16	;volatile
   391     0320                     l1014:
   392                           
   393                           ;main.c: 136:     OPTION_REG = 0b10000111;
   394     0320  3087               	movlw	135
   395     0321  0081               	movwf	1	;volatile
   396     0322                     l1016:
   397                           
   398                           ;main.c: 137:     INTCON = 0b11100000;
   399     0322  30E0               	movlw	224
   400     0323  008B               	movwf	11	;volatile
   401     0324                     l83:	
   402                           ;main.c: 143:     while(1)
   403                           
   404     0324                     l84:	
   405                           ;main.c: 144:     {;main.c: 147:     }
   406                           
   407     0324  2B24               	goto	l83
   408     0325  280D               	ljmp	start
   409     0326                     __end_of_main:
   410                           
   411                           	psect	text1
   412     0017                     __ptext1:	
   413 ;; *************** function _isr *****************
   414 ;; Defined at:
   415 ;;		line 33 in file "main.c"
   416 ;; Parameters:    Size  Location     Type
   417 ;;		None
   418 ;; Auto vars:     Size  Location     Type
   419 ;;  vadc_mV         2   43[BANK0 ] int 
   420 ;;  temp_x100       2   41[BANK0 ] int 
   421 ;;  r_ntc           2   39[BANK0 ] int 
   422 ;; Return value:  Size  Location     Type
   423 ;;                  1    wreg      void 
   424 ;; Registers used:
   425 ;;		wreg, status,2, status,0, btemp+1, pclath, cstack
   426 ;; Tracked objects:
   427 ;;		On entry : 0/0
   428 ;;		On exit  : 0/0
   429 ;;		Unchanged: 0/0
   430 ;; Data sizes:     COMMON   BANK0
   431 ;;      Params:         0       0
   432 ;;      Locals:         0       6
   433 ;;      Temps:          0      11
   434 ;;      Totals:         0      17
   435 ;;Total ram usage:       17 bytes
   436 ;; Hardware stack levels used: 1
   437 ;; Hardware stack levels required when called: 1
   438 ;; This function calls:
   439 ;;		___aldiv
   440 ;;		___awdiv
   441 ;;		___lmul
   442 ;; This function is called by:
   443 ;;		Interrupt level 1
   444 ;; This function uses a non-reentrant model
   445 ;;
   446                           
   447     0017                     _isr:	
   448                           ;psect for function _isr
   449                           
   450     0017                     i1l922:
   451     0017  3001               	movlw	1
   452     0018  07DB               	addwf	_counter,f	;volatile
   453     0019  3004               	movlw	4
   454     001A  065B               	xorwf	_counter,w	;volatile
   455     001B  1D03               	btfss	3,2
   456     001C  281E               	goto	u66_21
   457     001D  281F               	goto	u66_20
   458     001E                     u66_21:
   459     001E  29BE               	goto	i1l1006
   460     001F                     u66_20:
   461     001F                     i1l924:
   462     001F  01DB               	clrf	_counter	;volatile
   463     0020                     i1l926:
   464     0020  035C               	decf	_readAndDecide,w	;volatile
   465     0021  1D03               	btfss	3,2
   466     0022  2824               	goto	u67_21
   467     0023  2825               	goto	u67_20
   468     0024                     u67_21:
   469     0024  2973               	goto	i1l974
   470     0025                     u67_20:
   471     0025                     i1l928:
   472     0025  01DC               	clrf	_readAndDecide	;volatile
   473     0026                     i1l930:
   474     0026  3001               	movlw	1
   475     0027  00DA               	movwf	_executeTens	;volatile
   476     0028  01D9               	clrf	_executeUnits	;volatile
   477     0029                     i1l932:
   478     0029  149F               	bsf	31,1	;volatile
   479     002A                     i1l57:
   480     002A  189F               	btfsc	31,1	;volatile
   481     002B  282D               	goto	u68_21
   482     002C  282E               	goto	u68_20
   483     002D                     u68_21:
   484     002D  282A               	goto	i1l57
   485     002E                     u68_20:
   486     002E                     i1l934:
   487                           
   488                           ;main.c: 57:             reading = ((ADRESH << 8) + ADRESL);
   489     002E  081E               	movf	30,w	;volatile
   490     002F  00D8               	movwf	_reading+1	;volatile
   491     0030  1683               	bsf	3,5	;RP0=1, select bank1
   492     0031  081E               	movf	30,w	;volatile
   493     0032  1283               	bcf	3,5	;RP0=0, select bank0
   494     0033  00D7               	movwf	_reading	;volatile
   495     0034                     i1l936:
   496                           
   497                           ;main.c: 59:             int vadc_mV = (reading * 3300L) / 1023;
   498     0034  3000               	movlw	0
   499     0035  00B0               	movwf	___aldiv@divisor+3
   500     0036  3000               	movlw	0
   501     0037  00AF               	movwf	___aldiv@divisor+2
   502     0038  3003               	movlw	3
   503     0039  00AE               	movwf	___aldiv@divisor+1
   504     003A  30FF               	movlw	255
   505     003B  00AD               	movwf	___aldiv@divisor
   506     003C  0857               	movf	_reading,w	;volatile
   507     003D  00A0               	movwf	___lmul@multiplier
   508     003E  0858               	movf	_reading+1,w	;volatile
   509     003F  00A1               	movwf	___lmul@multiplier+1
   510     0040  3000               	movlw	0
   511     0041  1BA1               	btfsc	___lmul@multiplier+1,7
   512     0042  30FF               	movlw	255
   513     0043  00A2               	movwf	___lmul@multiplier+2
   514     0044  00A3               	movwf	___lmul@multiplier+3
   515     0045  3000               	movlw	0
   516     0046  00A7               	movwf	___lmul@multiplicand+3
   517     0047  3000               	movlw	0
   518     0048  00A6               	movwf	___lmul@multiplicand+2
   519     0049  300C               	movlw	12
   520     004A  00A5               	movwf	___lmul@multiplicand+1
   521     004B  30E4               	movlw	228
   522     004C  00A4               	movwf	___lmul@multiplicand
   523     004D  22C5               	fcall	___lmul
   524     004E  1283               	bcf	3,5	;RP0=0, select bank0
   525     004F  0823               	movf	?___lmul+3,w
   526     0050  00B4               	movwf	___aldiv@dividend+3
   527     0051  0822               	movf	?___lmul+2,w
   528     0052  00B3               	movwf	___aldiv@dividend+2
   529     0053  0821               	movf	?___lmul+1,w
   530     0054  00B2               	movwf	___aldiv@dividend+1
   531     0055  0820               	movf	?___lmul,w
   532     0056  00B1               	movwf	___aldiv@dividend
   533     0057  21C9               	fcall	___aldiv
   534     0058  1283               	bcf	3,5	;RP0=0, select bank0
   535     0059  082E               	movf	?___aldiv+1,w
   536     005A  00CC               	movwf	isr@vadc_mV+1
   537     005B  082D               	movf	?___aldiv,w
   538     005C  00CB               	movwf	isr@vadc_mV
   539     005D                     i1l938:
   540                           
   541                           ;main.c: 61:             int r_ntc = (10000L * (3300L - vadc_mV)) / vadc_mV;
   542     005D  084B               	movf	isr@vadc_mV,w
   543     005E  00AD               	movwf	___aldiv@divisor
   544     005F  084C               	movf	isr@vadc_mV+1,w
   545     0060  00AE               	movwf	___aldiv@divisor+1
   546     0061  3000               	movlw	0
   547     0062  1BAE               	btfsc	___aldiv@divisor+1,7
   548     0063  30FF               	movlw	255
   549     0064  00AF               	movwf	___aldiv@divisor+2
   550     0065  00B0               	movwf	___aldiv@divisor+3
   551     0066  084B               	movf	isr@vadc_mV,w
   552     0067  00BC               	movwf	??_isr
   553     0068  084C               	movf	isr@vadc_mV+1,w
   554     0069  00BD               	movwf	??_isr+1
   555     006A  3000               	movlw	0
   556     006B  1BBD               	btfsc	??_isr+1,7
   557     006C  30FF               	movlw	255
   558     006D  00BE               	movwf	??_isr+2
   559     006E  00BF               	movwf	??_isr+3
   560     006F  30E4               	movlw	228
   561     0070  00C0               	movwf	??_isr+4
   562     0071  300C               	movlw	12
   563     0072  00C1               	movwf	??_isr+5
   564     0073  3000               	movlw	0
   565     0074  00C2               	movwf	??_isr+6
   566     0075  3000               	movlw	0
   567     0076  00C3               	movwf	??_isr+7
   568     0077  083C               	movf	??_isr,w
   569     0078  02C0               	subwf	??_isr+4,f
   570     0079  083D               	movf	??_isr+1,w
   571     007A  1C03               	skipc
   572     007B  0F3D               	incfsz	??_isr+1,w
   573     007C  287E               	goto	u69_21
   574     007D  287F               	goto	u69_22
   575     007E                     u69_21:
   576     007E  02C1               	subwf	??_isr+5,f
   577     007F                     u69_22:
   578     007F  083E               	movf	??_isr+2,w
   579     0080  1C03               	skipc
   580     0081  0F3E               	incfsz	??_isr+2,w
   581     0082  2884               	goto	u69_23
   582     0083  2885               	goto	u69_24
   583     0084                     u69_23:
   584     0084  02C2               	subwf	??_isr+6,f
   585     0085                     u69_24:
   586     0085  083F               	movf	??_isr+3,w
   587     0086  1C03               	skipc
   588     0087  0F3F               	incfsz	??_isr+3,w
   589     0088  288A               	goto	u69_25
   590     0089  288B               	goto	u69_26
   591     008A                     u69_25:
   592     008A  02C3               	subwf	??_isr+7,f
   593     008B                     u69_26:
   594     008B  0843               	movf	??_isr+7,w
   595     008C  00A3               	movwf	___lmul@multiplier+3
   596     008D  0842               	movf	??_isr+6,w
   597     008E  00A2               	movwf	___lmul@multiplier+2
   598     008F  0841               	movf	??_isr+5,w
   599     0090  00A1               	movwf	___lmul@multiplier+1
   600     0091  0840               	movf	??_isr+4,w
   601     0092  00A0               	movwf	___lmul@multiplier
   602     0093  3000               	movlw	0
   603     0094  00A7               	movwf	___lmul@multiplicand+3
   604     0095  3000               	movlw	0
   605     0096  00A6               	movwf	___lmul@multiplicand+2
   606     0097  3027               	movlw	39
   607     0098  00A5               	movwf	___lmul@multiplicand+1
   608     0099  3010               	movlw	16
   609     009A  00A4               	movwf	___lmul@multiplicand
   610     009B  22C5               	fcall	___lmul
   611     009C  1283               	bcf	3,5	;RP0=0, select bank0
   612     009D  0823               	movf	?___lmul+3,w
   613     009E  00B4               	movwf	___aldiv@dividend+3
   614     009F  0822               	movf	?___lmul+2,w
   615     00A0  00B3               	movwf	___aldiv@dividend+2
   616     00A1  0821               	movf	?___lmul+1,w
   617     00A2  00B2               	movwf	___aldiv@dividend+1
   618     00A3  0820               	movf	?___lmul,w
   619     00A4  00B1               	movwf	___aldiv@dividend
   620     00A5  21C9               	fcall	___aldiv
   621     00A6  1283               	bcf	3,5	;RP0=0, select bank0
   622     00A7  082E               	movf	?___aldiv+1,w
   623     00A8  00C8               	movwf	isr@r_ntc+1
   624     00A9  082D               	movf	?___aldiv,w
   625     00AA  00C7               	movwf	isr@r_ntc
   626     00AB                     i1l940:
   627                           
   628                           ;main.c: 63:             int temp_x100 = ((48400L - r_ntc) * 100) / 903;
   629     00AB  3000               	movlw	0
   630     00AC  00B0               	movwf	___aldiv@divisor+3
   631     00AD  3000               	movlw	0
   632     00AE  00AF               	movwf	___aldiv@divisor+2
   633     00AF  3003               	movlw	3
   634     00B0  00AE               	movwf	___aldiv@divisor+1
   635     00B1  3087               	movlw	135
   636     00B2  00AD               	movwf	___aldiv@divisor
   637     00B3  0847               	movf	isr@r_ntc,w
   638     00B4  00BC               	movwf	??_isr
   639     00B5  0848               	movf	isr@r_ntc+1,w
   640     00B6  00BD               	movwf	??_isr+1
   641     00B7  3000               	movlw	0
   642     00B8  1BBD               	btfsc	??_isr+1,7
   643     00B9  30FF               	movlw	255
   644     00BA  00BE               	movwf	??_isr+2
   645     00BB  00BF               	movwf	??_isr+3
   646     00BC  3010               	movlw	16
   647     00BD  00C0               	movwf	??_isr+4
   648     00BE  30BD               	movlw	189
   649     00BF  00C1               	movwf	??_isr+5
   650     00C0  3000               	movlw	0
   651     00C1  00C2               	movwf	??_isr+6
   652     00C2  3000               	movlw	0
   653     00C3  00C3               	movwf	??_isr+7
   654     00C4  083C               	movf	??_isr,w
   655     00C5  02C0               	subwf	??_isr+4,f
   656     00C6  083D               	movf	??_isr+1,w
   657     00C7  1C03               	skipc
   658     00C8  0F3D               	incfsz	??_isr+1,w
   659     00C9  28CB               	goto	u70_21
   660     00CA  28CC               	goto	u70_22
   661     00CB                     u70_21:
   662     00CB  02C1               	subwf	??_isr+5,f
   663     00CC                     u70_22:
   664     00CC  083E               	movf	??_isr+2,w
   665     00CD  1C03               	skipc
   666     00CE  0F3E               	incfsz	??_isr+2,w
   667     00CF  28D1               	goto	u70_23
   668     00D0  28D2               	goto	u70_24
   669     00D1                     u70_23:
   670     00D1  02C2               	subwf	??_isr+6,f
   671     00D2                     u70_24:
   672     00D2  083F               	movf	??_isr+3,w
   673     00D3  1C03               	skipc
   674     00D4  0F3F               	incfsz	??_isr+3,w
   675     00D5  28D7               	goto	u70_25
   676     00D6  28D8               	goto	u70_26
   677     00D7                     u70_25:
   678     00D7  02C3               	subwf	??_isr+7,f
   679     00D8                     u70_26:
   680     00D8  0843               	movf	??_isr+7,w
   681     00D9  00A3               	movwf	___lmul@multiplier+3
   682     00DA  0842               	movf	??_isr+6,w
   683     00DB  00A2               	movwf	___lmul@multiplier+2
   684     00DC  0841               	movf	??_isr+5,w
   685     00DD  00A1               	movwf	___lmul@multiplier+1
   686     00DE  0840               	movf	??_isr+4,w
   687     00DF  00A0               	movwf	___lmul@multiplier
   688     00E0  3000               	movlw	0
   689     00E1  00A7               	movwf	___lmul@multiplicand+3
   690     00E2  3000               	movlw	0
   691     00E3  00A6               	movwf	___lmul@multiplicand+2
   692     00E4  3000               	movlw	0
   693     00E5  00A5               	movwf	___lmul@multiplicand+1
   694     00E6  3064               	movlw	100
   695     00E7  00A4               	movwf	___lmul@multiplicand
   696     00E8  22C5               	fcall	___lmul
   697     00E9  1283               	bcf	3,5	;RP0=0, select bank0
   698     00EA  0823               	movf	?___lmul+3,w
   699     00EB  00B4               	movwf	___aldiv@dividend+3
   700     00EC  0822               	movf	?___lmul+2,w
   701     00ED  00B3               	movwf	___aldiv@dividend+2
   702     00EE  0821               	movf	?___lmul+1,w
   703     00EF  00B2               	movwf	___aldiv@dividend+1
   704     00F0  0820               	movf	?___lmul,w
   705     00F1  00B1               	movwf	___aldiv@dividend
   706     00F2  21C9               	fcall	___aldiv
   707     00F3  1283               	bcf	3,5	;RP0=0, select bank0
   708     00F4  082E               	movf	?___aldiv+1,w
   709     00F5  00CA               	movwf	isr@temp_x100+1
   710     00F6  082D               	movf	?___aldiv,w
   711     00F7  00C9               	movwf	isr@temp_x100
   712     00F8                     i1l942:
   713                           
   714                           ;main.c: 65:             voltage = (temp_x100 / 100) - 20;
   715     00F8  3064               	movlw	100
   716     00F9  00A0               	movwf	___awdiv@divisor
   717     00FA  3000               	movlw	0
   718     00FB  00A1               	movwf	___awdiv@divisor+1
   719     00FC  084A               	movf	isr@temp_x100+1,w
   720     00FD  00A3               	movwf	___awdiv@dividend+1
   721     00FE  0849               	movf	isr@temp_x100,w
   722     00FF  00A2               	movwf	___awdiv@dividend
   723     0100  2261               	fcall	___awdiv
   724     0101  1283               	bcf	3,5	;RP0=0, select bank0
   725     0102  0820               	movf	?___awdiv,w
   726     0103  3EEC               	addlw	236
   727     0104  00D5               	movwf	_voltage	;volatile
   728     0105  0821               	movf	?___awdiv+1,w
   729     0106  1803               	skipnc
   730     0107  3E01               	addlw	1
   731     0108  3EFF               	addlw	255
   732     0109  00D6               	movwf	_voltage+1	;volatile
   733                           
   734                           ;main.c: 68:             if(voltage >= 40){
   735     010A  3000               	movlw	0
   736     010B  0256               	subwf	_voltage+1,w	;volatile
   737     010C  3028               	movlw	40
   738     010D  1903               	skipnz
   739     010E  0255               	subwf	_voltage,w	;volatile
   740     010F  1C03               	skipc
   741     0110  2912               	goto	u71_21
   742     0111  2913               	goto	u71_20
   743     0112                     u71_21:
   744     0112  2920               	goto	i1l948
   745     0113                     u71_20:
   746     0113                     i1l944:
   747                           
   748                           ;main.c: 69:                 tens= 4;
   749     0113  3004               	movlw	4
   750     0114  00D3               	movwf	_tens	;volatile
   751     0115  3000               	movlw	0
   752     0116  00D4               	movwf	_tens+1	;volatile
   753     0117                     i1l946:
   754                           
   755                           ;main.c: 70:                 units= voltage - 40;
   756     0117  0855               	movf	_voltage,w	;volatile
   757     0118  3ED8               	addlw	216
   758     0119  00D1               	movwf	_units	;volatile
   759     011A  0856               	movf	_voltage+1,w	;volatile
   760     011B  1803               	skipnc
   761     011C  3E01               	addlw	1
   762     011D  3EFF               	addlw	255
   763     011E  00D2               	movwf	_units+1	;volatile
   764                           
   765                           ;main.c: 71:             }else if(voltage >= 30){
   766     011F  2968               	goto	i1l970
   767     0120                     i1l948:
   768     0120  3000               	movlw	0
   769     0121  0256               	subwf	_voltage+1,w	;volatile
   770     0122  301E               	movlw	30
   771     0123  1903               	skipnz
   772     0124  0255               	subwf	_voltage,w	;volatile
   773     0125  1C03               	skipc
   774     0126  2928               	goto	u72_21
   775     0127  2929               	goto	u72_20
   776     0128                     u72_21:
   777     0128  2936               	goto	i1l954
   778     0129                     u72_20:
   779     0129                     i1l950:
   780                           
   781                           ;main.c: 72:                 tens= 3;
   782     0129  3003               	movlw	3
   783     012A  00D3               	movwf	_tens	;volatile
   784     012B  3000               	movlw	0
   785     012C  00D4               	movwf	_tens+1	;volatile
   786     012D                     i1l952:
   787                           
   788                           ;main.c: 73:                 units= voltage - 30;
   789     012D  0855               	movf	_voltage,w	;volatile
   790     012E  3EE2               	addlw	226
   791     012F  00D1               	movwf	_units	;volatile
   792     0130  0856               	movf	_voltage+1,w	;volatile
   793     0131  1803               	skipnc
   794     0132  3E01               	addlw	1
   795     0133  3EFF               	addlw	255
   796     0134  00D2               	movwf	_units+1	;volatile
   797                           
   798                           ;main.c: 74:             }else if(voltage >= 20){
   799     0135  2968               	goto	i1l970
   800     0136                     i1l954:
   801     0136  3000               	movlw	0
   802     0137  0256               	subwf	_voltage+1,w	;volatile
   803     0138  3014               	movlw	20
   804     0139  1903               	skipnz
   805     013A  0255               	subwf	_voltage,w	;volatile
   806     013B  1C03               	skipc
   807     013C  293E               	goto	u73_21
   808     013D  293F               	goto	u73_20
   809     013E                     u73_21:
   810     013E  294C               	goto	i1l960
   811     013F                     u73_20:
   812     013F                     i1l956:
   813                           
   814                           ;main.c: 75:                 tens= 2;
   815     013F  3002               	movlw	2
   816     0140  00D3               	movwf	_tens	;volatile
   817     0141  3000               	movlw	0
   818     0142  00D4               	movwf	_tens+1	;volatile
   819     0143                     i1l958:
   820                           
   821                           ;main.c: 76:                 units= voltage - 20;
   822     0143  0855               	movf	_voltage,w	;volatile
   823     0144  3EEC               	addlw	236
   824     0145  00D1               	movwf	_units	;volatile
   825     0146  0856               	movf	_voltage+1,w	;volatile
   826     0147  1803               	skipnc
   827     0148  3E01               	addlw	1
   828     0149  3EFF               	addlw	255
   829     014A  00D2               	movwf	_units+1	;volatile
   830                           
   831                           ;main.c: 77:             }else if(voltage >= 10){
   832     014B  2968               	goto	i1l970
   833     014C                     i1l960:
   834     014C  3000               	movlw	0
   835     014D  0256               	subwf	_voltage+1,w	;volatile
   836     014E  300A               	movlw	10
   837     014F  1903               	skipnz
   838     0150  0255               	subwf	_voltage,w	;volatile
   839     0151  1C03               	skipc
   840     0152  2954               	goto	u74_21
   841     0153  2955               	goto	u74_20
   842     0154                     u74_21:
   843     0154  2962               	goto	i1l966
   844     0155                     u74_20:
   845     0155                     i1l962:
   846                           
   847                           ;main.c: 78:                 tens= 1;
   848     0155  3001               	movlw	1
   849     0156  00D3               	movwf	_tens	;volatile
   850     0157  3000               	movlw	0
   851     0158  00D4               	movwf	_tens+1	;volatile
   852     0159                     i1l964:
   853                           
   854                           ;main.c: 79:                 units= voltage - 10;
   855     0159  0855               	movf	_voltage,w	;volatile
   856     015A  3EF6               	addlw	246
   857     015B  00D1               	movwf	_units	;volatile
   858     015C  0856               	movf	_voltage+1,w	;volatile
   859     015D  1803               	skipnc
   860     015E  3E01               	addlw	1
   861     015F  3EFF               	addlw	255
   862     0160  00D2               	movwf	_units+1	;volatile
   863                           
   864                           ;main.c: 80:             }else{
   865     0161  2968               	goto	i1l970
   866     0162                     i1l966:
   867                           
   868                           ;main.c: 81:                 tens= 0;
   869     0162  01D3               	clrf	_tens	;volatile
   870     0163  01D4               	clrf	_tens+1	;volatile
   871     0164                     i1l968:
   872                           
   873                           ;main.c: 82:                 units= voltage;
   874     0164  0856               	movf	_voltage+1,w	;volatile
   875     0165  00D2               	movwf	_units+1	;volatile
   876     0166  0855               	movf	_voltage,w	;volatile
   877     0167  00D1               	movwf	_units	;volatile
   878     0168                     i1l970:
   879                           
   880                           ;main.c: 84:             tens= tens * 2;
   881     0168  1003               	clrc
   882     0169  0D53               	rlf	_tens,w	;volatile
   883     016A  00D3               	movwf	_tens	;volatile
   884     016B  0D54               	rlf	_tens+1,w	;volatile
   885     016C  00D4               	movwf	_tens+1	;volatile
   886     016D                     i1l972:
   887                           
   888                           ;main.c: 85:             units= units * 2;
   889     016D  1003               	clrc
   890     016E  0D51               	rlf	_units,w	;volatile
   891     016F  00D1               	movwf	_units	;volatile
   892     0170  0D52               	rlf	_units+1,w	;volatile
   893     0171  00D2               	movwf	_units+1	;volatile
   894                           
   895                           ;main.c: 86:         }else if(executeTens == 1){
   896     0172  29BE               	goto	i1l1006
   897     0173                     i1l974:
   898     0173  035A               	decf	_executeTens,w	;volatile
   899     0174  1D03               	btfss	3,2
   900     0175  2977               	goto	u75_21
   901     0176  2978               	goto	u75_20
   902     0177                     u75_21:
   903     0177  2998               	goto	i1l990
   904     0178                     u75_20:
   905     0178                     i1l976:
   906                           
   907                           ;main.c: 87:             tens--;
   908     0178  30FF               	movlw	255
   909     0179  07D3               	addwf	_tens,f	;volatile
   910     017A  1803               	skipnc
   911     017B  0AD4               	incf	_tens+1,f	;volatile
   912     017C  30FF               	movlw	255
   913     017D  07D4               	addwf	_tens+1,f	;volatile
   914     017E                     i1l978:
   915                           
   916                           ;main.c: 88:             GP1= 0;
   917     017E  1085               	bcf	5,1	;volatile
   918     017F                     i1l980:
   919                           
   920                           ;main.c: 89:             if(GP0){
   921     017F  1C05               	btfss	5,0	;volatile
   922     0180  2982               	goto	u76_21
   923     0181  2983               	goto	u76_20
   924     0182                     u76_21:
   925     0182  2985               	goto	i1l70
   926     0183                     u76_20:
   927     0183                     i1l982:
   928                           
   929                           ;main.c: 90:                 GP0= 0;
   930     0183  1005               	bcf	5,0	;volatile
   931                           
   932                           ;main.c: 91:             }else{
   933     0184  2986               	goto	i1l984
   934     0185                     i1l70:
   935                           
   936                           ;main.c: 92:                 GP0= 1;
   937     0185  1405               	bsf	5,0	;volatile
   938     0186                     i1l984:
   939                           
   940                           ;main.c: 94:             if(tens < 1){
   941     0186  0854               	movf	_tens+1,w	;volatile
   942     0187  3A80               	xorlw	128
   943     0188  00DF               	movwf	btemp+1
   944     0189  3080               	movlw	128
   945     018A  025F               	subwf	btemp+1,w
   946     018B  1D03               	skipz
   947     018C  298F               	goto	u77_25
   948     018D  3001               	movlw	1
   949     018E  0253               	subwf	_tens,w	;volatile
   950     018F                     u77_25:
   951     018F  1803               	skipnc
   952     0190  2992               	goto	u77_21
   953     0191  2993               	goto	u77_20
   954     0192                     u77_21:
   955     0192  29BE               	goto	i1l1006
   956     0193                     u77_20:
   957     0193                     i1l986:
   958                           
   959                           ;main.c: 95:                 executeTens= 0;
   960     0193  1283               	bcf	3,5	;RP0=0, select bank0
   961     0194  01DA               	clrf	_executeTens	;volatile
   962     0195                     i1l988:
   963                           
   964                           ;main.c: 96:                 executeUnits= 1;
   965     0195  3001               	movlw	1
   966     0196  00D9               	movwf	_executeUnits	;volatile
   967     0197  29BE               	goto	i1l1006
   968     0198                     i1l990:
   969     0198  0359               	decf	_executeUnits,w	;volatile
   970     0199  1D03               	btfss	3,2
   971     019A  299C               	goto	u78_21
   972     019B  299D               	goto	u78_20
   973     019C                     u78_21:
   974     019C  29BE               	goto	i1l68
   975     019D                     u78_20:
   976     019D                     i1l992:
   977                           
   978                           ;main.c: 100:             GP0= 0;
   979     019D  1005               	bcf	5,0	;volatile
   980     019E                     i1l994:
   981                           
   982                           ;main.c: 101:             units--;
   983     019E  30FF               	movlw	255
   984     019F  07D1               	addwf	_units,f	;volatile
   985     01A0  1803               	skipnc
   986     01A1  0AD2               	incf	_units+1,f	;volatile
   987     01A2  30FF               	movlw	255
   988     01A3  07D2               	addwf	_units+1,f	;volatile
   989     01A4                     i1l996:
   990                           
   991                           ;main.c: 102:             if(GP1){
   992     01A4  1C85               	btfss	5,1	;volatile
   993     01A5  29A7               	goto	u79_21
   994     01A6  29A8               	goto	u79_20
   995     01A7                     u79_21:
   996     01A7  29AA               	goto	i1l75
   997     01A8                     u79_20:
   998     01A8                     i1l998:
   999                           
  1000                           ;main.c: 103:                 GP1= 0;
  1001     01A8  1085               	bcf	5,1	;volatile
  1002                           
  1003                           ;main.c: 104:             }else{
  1004     01A9  29AB               	goto	i1l1000
  1005     01AA                     i1l75:
  1006                           
  1007                           ;main.c: 105:                 GP1= 1;
  1008     01AA  1485               	bsf	5,1	;volatile
  1009     01AB                     i1l1000:
  1010                           
  1011                           ;main.c: 107:             if(units < 1){
  1012     01AB  0852               	movf	_units+1,w	;volatile
  1013     01AC  3A80               	xorlw	128
  1014     01AD  00DF               	movwf	btemp+1
  1015     01AE  3080               	movlw	128
  1016     01AF  025F               	subwf	btemp+1,w
  1017     01B0  1D03               	skipz
  1018     01B1  29B4               	goto	u80_25
  1019     01B2  3001               	movlw	1
  1020     01B3  0251               	subwf	_units,w	;volatile
  1021     01B4                     u80_25:
  1022     01B4  1803               	skipnc
  1023     01B5  29B7               	goto	u80_21
  1024     01B6  29B8               	goto	u80_20
  1025     01B7                     u80_21:
  1026     01B7  29BE               	goto	i1l68
  1027     01B8                     u80_20:
  1028     01B8                     i1l1002:
  1029                           
  1030                           ;main.c: 108:                 executeTens= 0;
  1031     01B8  1283               	bcf	3,5	;RP0=0, select bank0
  1032     01B9  01DA               	clrf	_executeTens	;volatile
  1033                           
  1034                           ;main.c: 109:                 executeUnits= 0;
  1035     01BA  01D9               	clrf	_executeUnits	;volatile
  1036     01BB                     i1l1004:
  1037                           
  1038                           ;main.c: 110:                 readAndDecide= 1;
  1039     01BB  3001               	movlw	1
  1040     01BC  00DC               	movwf	_readAndDecide	;volatile
  1041     01BD  29BE               	goto	i1l1006
  1042     01BE                     i1l68:
  1043     01BE                     i1l1006:
  1044                           
  1045                           ;main.c: 120:     TMR0IF = 0;
  1046     01BE  110B               	bcf	11,2	;volatile
  1047                           
  1048                           ;main.c: 121:     TMR0 = 0;
  1049     01BF  1283               	bcf	3,5	;RP0=0, select bank0
  1050     01C0  0181               	clrf	1	;volatile
  1051     01C1                     i1l78:
  1052     01C1  0846               	movf	??_isr+10,w
  1053     01C2  0845               	movf	??_isr+9,w
  1054     01C3  008A               	movwf	10
  1055     01C4  0E44               	swapf	??_isr+8,w
  1056     01C5  0083               	movwf	3
  1057     01C6  0EDE               	swapf	btemp,f
  1058     01C7  0E5E               	swapf	btemp,w
  1059     01C8  0009               	retfie
  1060     01C9                     __end_of_isr:
  1061                           
  1062                           	psect	intentry
  1063     0004                     __pintentry:	
  1064                           ;incstack = 0
  1065                           ; Regs used in _isr: [wreg+status,2+status,0+btemp+1+pclath+cstack]
  1066                           
  1067     0004                     interrupt_function:
  1068     005E                     saved_w         set	btemp
  1069     0004  00DE               	movwf	btemp
  1070     0005  0E03               	swapf	3,w
  1071     0006  1283               	bcf	3,5	;RP0=0, select bank0
  1072     0007  00C4               	movwf	??_isr+8
  1073     0008  080A               	movf	10,w
  1074     0009  00C5               	movwf	??_isr+9
  1075     000A  085F               	movf	btemp+1,w
  1076     000B  00C6               	movwf	??_isr+10
  1077     000C  2817               	ljmp	_isr
  1078                           
  1079                           	psect	text2
  1080     02C5                     __ptext2:	
  1081 ;; *************** function ___lmul *****************
  1082 ;; Defined at:
  1083 ;;		line 15 in file "D:\Installations\pic\sources\c99\common\Umul32.c"
  1084 ;; Parameters:    Size  Location     Type
  1085 ;;  multiplier      4    0[BANK0 ] unsigned long 
  1086 ;;  multiplicand    4    4[BANK0 ] unsigned long 
  1087 ;; Auto vars:     Size  Location     Type
  1088 ;;  product         4    9[BANK0 ] unsigned long 
  1089 ;; Return value:  Size  Location     Type
  1090 ;;                  4    0[BANK0 ] unsigned long 
  1091 ;; Registers used:
  1092 ;;		wreg, status,2, status,0
  1093 ;; Tracked objects:
  1094 ;;		On entry : 0/0
  1095 ;;		On exit  : 0/0
  1096 ;;		Unchanged: 0/0
  1097 ;; Data sizes:     COMMON   BANK0
  1098 ;;      Params:         0       8
  1099 ;;      Locals:         0       4
  1100 ;;      Temps:          0       1
  1101 ;;      Totals:         0      13
  1102 ;;Total ram usage:       13 bytes
  1103 ;; Hardware stack levels used: 1
  1104 ;; This function calls:
  1105 ;;		Nothing
  1106 ;; This function is called by:
  1107 ;;		_isr
  1108 ;; This function uses a non-reentrant model
  1109 ;;
  1110                           
  1111     02C5                     ___lmul:	
  1112                           ;psect for function ___lmul
  1113                           
  1114     02C5                     i1l824:	
  1115                           ;incstack = 0
  1116                           ; Regs used in ___lmul: [wreg+status,2+status,0]
  1117                           
  1118     02C5  3000               	movlw	0
  1119     02C6  1283               	bcf	3,5	;RP0=0, select bank0
  1120     02C7  00AC               	movwf	___lmul@product+3
  1121     02C8  3000               	movlw	0
  1122     02C9  00AB               	movwf	___lmul@product+2
  1123     02CA  3000               	movlw	0
  1124     02CB  00AA               	movwf	___lmul@product+1
  1125     02CC  3000               	movlw	0
  1126     02CD  00A9               	movwf	___lmul@product
  1127     02CE                     i1l826:
  1128     02CE  1C20               	btfss	___lmul@multiplier,0
  1129     02CF  2AD1               	goto	u41_21
  1130     02D0  2AD2               	goto	u41_20
  1131     02D1                     u41_21:
  1132     02D1  2AE9               	goto	i1l830
  1133     02D2                     u41_20:
  1134     02D2                     i1l828:
  1135     02D2  0824               	movf	___lmul@multiplicand,w
  1136     02D3  07A9               	addwf	___lmul@product,f
  1137     02D4  0825               	movf	___lmul@multiplicand+1,w
  1138     02D5  1103               	clrz
  1139     02D6  1803               	skipnc
  1140     02D7  3E01               	addlw	1
  1141     02D8  1903               	skipnz
  1142     02D9  2ADB               	goto	u42_21
  1143     02DA  07AA               	addwf	___lmul@product+1,f
  1144     02DB                     u42_21:
  1145     02DB  0826               	movf	___lmul@multiplicand+2,w
  1146     02DC  1103               	clrz
  1147     02DD  1803               	skipnc
  1148     02DE  3E01               	addlw	1
  1149     02DF  1903               	skipnz
  1150     02E0  2AE2               	goto	u42_22
  1151     02E1  07AB               	addwf	___lmul@product+2,f
  1152     02E2                     u42_22:
  1153     02E2  0827               	movf	___lmul@multiplicand+3,w
  1154     02E3  1103               	clrz
  1155     02E4  1803               	skipnc
  1156     02E5  3E01               	addlw	1
  1157     02E6  1903               	skipnz
  1158     02E7  2AE9               	goto	u42_23
  1159     02E8  07AC               	addwf	___lmul@product+3,f
  1160     02E9                     u42_23:
  1161     02E9                     i1l830:
  1162     02E9  3001               	movlw	1
  1163     02EA  00A8               	movwf	??___lmul
  1164     02EB                     u43_25:
  1165     02EB  1003               	clrc
  1166     02EC  0DA4               	rlf	___lmul@multiplicand,f
  1167     02ED  0DA5               	rlf	___lmul@multiplicand+1,f
  1168     02EE  0DA6               	rlf	___lmul@multiplicand+2,f
  1169     02EF  0DA7               	rlf	___lmul@multiplicand+3,f
  1170     02F0  0BA8               	decfsz	??___lmul,f
  1171     02F1  2AEB               	goto	u43_25
  1172     02F2                     i1l832:
  1173     02F2  3001               	movlw	1
  1174     02F3                     u44_25:
  1175     02F3  1003               	clrc
  1176     02F4  0CA3               	rrf	___lmul@multiplier+3,f
  1177     02F5  0CA2               	rrf	___lmul@multiplier+2,f
  1178     02F6  0CA1               	rrf	___lmul@multiplier+1,f
  1179     02F7  0CA0               	rrf	___lmul@multiplier,f
  1180     02F8  3EFF               	addlw	-1
  1181     02F9  1D03               	skipz
  1182     02FA  2AF3               	goto	u44_25
  1183     02FB  0823               	movf	___lmul@multiplier+3,w
  1184     02FC  0422               	iorwf	___lmul@multiplier+2,w
  1185     02FD  0421               	iorwf	___lmul@multiplier+1,w
  1186     02FE  0420               	iorwf	___lmul@multiplier,w
  1187     02FF  1D03               	skipz
  1188     0300  2B02               	goto	u45_21
  1189     0301  2B03               	goto	u45_20
  1190     0302                     u45_21:
  1191     0302  2ACE               	goto	i1l826
  1192     0303                     u45_20:
  1193     0303                     i1l834:
  1194     0303  082C               	movf	___lmul@product+3,w
  1195     0304  00A3               	movwf	?___lmul+3
  1196     0305  082B               	movf	___lmul@product+2,w
  1197     0306  00A2               	movwf	?___lmul+2
  1198     0307  082A               	movf	___lmul@product+1,w
  1199     0308  00A1               	movwf	?___lmul+1
  1200     0309  0829               	movf	___lmul@product,w
  1201     030A  00A0               	movwf	?___lmul
  1202     030B                     i1l186:
  1203     030B  0008               	return
  1204     030C                     __end_of___lmul:
  1205                           
  1206                           	psect	text3
  1207     0261                     __ptext3:	
  1208 ;; *************** function ___awdiv *****************
  1209 ;; Defined at:
  1210 ;;		line 5 in file "D:\Installations\pic\sources\c99\common\awdiv.c"
  1211 ;; Parameters:    Size  Location     Type
  1212 ;;  divisor         2    0[BANK0 ] int 
  1213 ;;  dividend        2    2[BANK0 ] int 
  1214 ;; Auto vars:     Size  Location     Type
  1215 ;;  quotient        2    6[BANK0 ] int 
  1216 ;;  sign            1    5[BANK0 ] unsigned char 
  1217 ;;  counter         1    4[BANK0 ] unsigned char 
  1218 ;; Return value:  Size  Location     Type
  1219 ;;                  2    0[BANK0 ] int 
  1220 ;; Registers used:
  1221 ;;		wreg, status,2, status,0
  1222 ;; Tracked objects:
  1223 ;;		On entry : 0/0
  1224 ;;		On exit  : 0/0
  1225 ;;		Unchanged: 0/0
  1226 ;; Data sizes:     COMMON   BANK0
  1227 ;;      Params:         0       4
  1228 ;;      Locals:         0       4
  1229 ;;      Temps:          0       0
  1230 ;;      Totals:         0       8
  1231 ;;Total ram usage:        8 bytes
  1232 ;; Hardware stack levels used: 1
  1233 ;; This function calls:
  1234 ;;		Nothing
  1235 ;; This function is called by:
  1236 ;;		_isr
  1237 ;; This function uses a non-reentrant model
  1238 ;;
  1239                           
  1240     0261                     ___awdiv:	
  1241                           ;psect for function ___awdiv
  1242                           
  1243     0261                     i1l878:	
  1244                           ;incstack = 0
  1245                           ; Regs used in ___awdiv: [wreg+status,2+status,0]
  1246                           
  1247     0261  1283               	bcf	3,5	;RP0=0, select bank0
  1248     0262  01A5               	clrf	___awdiv@sign
  1249     0263                     i1l880:
  1250     0263  1FA1               	btfss	___awdiv@divisor+1,7
  1251     0264  2A66               	goto	u56_21
  1252     0265  2A67               	goto	u56_20
  1253     0266                     u56_21:
  1254     0266  2A6E               	goto	i1l886
  1255     0267                     u56_20:
  1256     0267                     i1l882:
  1257     0267  09A0               	comf	___awdiv@divisor,f
  1258     0268  09A1               	comf	___awdiv@divisor+1,f
  1259     0269  0AA0               	incf	___awdiv@divisor,f
  1260     026A  1903               	skipnz
  1261     026B  0AA1               	incf	___awdiv@divisor+1,f
  1262     026C                     i1l884:
  1263     026C  3001               	movlw	1
  1264     026D  00A5               	movwf	___awdiv@sign
  1265     026E                     i1l886:
  1266     026E  1FA3               	btfss	___awdiv@dividend+1,7
  1267     026F  2A71               	goto	u57_21
  1268     0270  2A72               	goto	u57_20
  1269     0271                     u57_21:
  1270     0271  2A79               	goto	i1l892
  1271     0272                     u57_20:
  1272     0272                     i1l888:
  1273     0272  09A2               	comf	___awdiv@dividend,f
  1274     0273  09A3               	comf	___awdiv@dividend+1,f
  1275     0274  0AA2               	incf	___awdiv@dividend,f
  1276     0275  1903               	skipnz
  1277     0276  0AA3               	incf	___awdiv@dividend+1,f
  1278     0277                     i1l890:
  1279     0277  3001               	movlw	1
  1280     0278  06A5               	xorwf	___awdiv@sign,f
  1281     0279                     i1l892:
  1282     0279  01A6               	clrf	___awdiv@quotient
  1283     027A  01A7               	clrf	___awdiv@quotient+1
  1284     027B                     i1l894:
  1285     027B  0820               	movf	___awdiv@divisor,w
  1286     027C  0421               	iorwf	___awdiv@divisor+1,w
  1287     027D  1903               	btfsc	3,2
  1288     027E  2A80               	goto	u58_21
  1289     027F  2A81               	goto	u58_20
  1290     0280                     u58_21:
  1291     0280  2AB6               	goto	i1l914
  1292     0281                     u58_20:
  1293     0281                     i1l896:
  1294     0281  3001               	movlw	1
  1295     0282  00A4               	movwf	___awdiv@counter
  1296     0283  2A8D               	goto	i1l902
  1297     0284                     i1l898:
  1298     0284  3001               	movlw	1
  1299     0285                     u59_25:
  1300     0285  1003               	clrc
  1301     0286  0DA0               	rlf	___awdiv@divisor,f
  1302     0287  0DA1               	rlf	___awdiv@divisor+1,f
  1303     0288  3EFF               	addlw	-1
  1304     0289  1D03               	skipz
  1305     028A  2A85               	goto	u59_25
  1306     028B                     i1l900:
  1307     028B  3001               	movlw	1
  1308     028C  07A4               	addwf	___awdiv@counter,f
  1309     028D                     i1l902:
  1310     028D  1FA1               	btfss	___awdiv@divisor+1,7
  1311     028E  2A90               	goto	u60_21
  1312     028F  2A91               	goto	u60_20
  1313     0290                     u60_21:
  1314     0290  2A84               	goto	i1l898
  1315     0291                     u60_20:
  1316     0291                     i1l904:
  1317     0291  3001               	movlw	1
  1318     0292                     u61_25:
  1319     0292  1003               	clrc
  1320     0293  0DA6               	rlf	___awdiv@quotient,f
  1321     0294  0DA7               	rlf	___awdiv@quotient+1,f
  1322     0295  3EFF               	addlw	-1
  1323     0296  1D03               	skipz
  1324     0297  2A92               	goto	u61_25
  1325     0298  0821               	movf	___awdiv@divisor+1,w
  1326     0299  0223               	subwf	___awdiv@dividend+1,w
  1327     029A  1D03               	skipz
  1328     029B  2A9E               	goto	u62_25
  1329     029C  0820               	movf	___awdiv@divisor,w
  1330     029D  0222               	subwf	___awdiv@dividend,w
  1331     029E                     u62_25:
  1332     029E  1C03               	skipc
  1333     029F  2AA1               	goto	u62_21
  1334     02A0  2AA2               	goto	u62_20
  1335     02A1                     u62_21:
  1336     02A1  2AA9               	goto	i1l910
  1337     02A2                     u62_20:
  1338     02A2                     i1l906:
  1339     02A2  0820               	movf	___awdiv@divisor,w
  1340     02A3  02A2               	subwf	___awdiv@dividend,f
  1341     02A4  0821               	movf	___awdiv@divisor+1,w
  1342     02A5  1C03               	skipc
  1343     02A6  03A3               	decf	___awdiv@dividend+1,f
  1344     02A7  02A3               	subwf	___awdiv@dividend+1,f
  1345     02A8                     i1l908:
  1346     02A8  1426               	bsf	___awdiv@quotient,0
  1347     02A9                     i1l910:
  1348     02A9  3001               	movlw	1
  1349     02AA                     u63_25:
  1350     02AA  1003               	clrc
  1351     02AB  0CA1               	rrf	___awdiv@divisor+1,f
  1352     02AC  0CA0               	rrf	___awdiv@divisor,f
  1353     02AD  3EFF               	addlw	-1
  1354     02AE  1D03               	skipz
  1355     02AF  2AAA               	goto	u63_25
  1356     02B0                     i1l912:
  1357     02B0  3001               	movlw	1
  1358     02B1  02A4               	subwf	___awdiv@counter,f
  1359     02B2  1D03               	btfss	3,2
  1360     02B3  2AB5               	goto	u64_21
  1361     02B4  2AB6               	goto	u64_20
  1362     02B5                     u64_21:
  1363     02B5  2A91               	goto	i1l904
  1364     02B6                     u64_20:
  1365     02B6                     i1l914:
  1366     02B6  0825               	movf	___awdiv@sign,w
  1367     02B7  1903               	btfsc	3,2
  1368     02B8  2ABA               	goto	u65_21
  1369     02B9  2ABB               	goto	u65_20
  1370     02BA                     u65_21:
  1371     02BA  2AC0               	goto	i1l918
  1372     02BB                     u65_20:
  1373     02BB                     i1l916:
  1374     02BB  09A6               	comf	___awdiv@quotient,f
  1375     02BC  09A7               	comf	___awdiv@quotient+1,f
  1376     02BD  0AA6               	incf	___awdiv@quotient,f
  1377     02BE  1903               	skipnz
  1378     02BF  0AA7               	incf	___awdiv@quotient+1,f
  1379     02C0                     i1l918:
  1380     02C0  0827               	movf	___awdiv@quotient+1,w
  1381     02C1  00A1               	movwf	?___awdiv+1
  1382     02C2  0826               	movf	___awdiv@quotient,w
  1383     02C3  00A0               	movwf	?___awdiv
  1384     02C4                     i1l325:
  1385     02C4  0008               	return
  1386     02C5                     __end_of___awdiv:
  1387                           
  1388                           	psect	text4
  1389     01C9                     __ptext4:	
  1390 ;; *************** function ___aldiv *****************
  1391 ;; Defined at:
  1392 ;;		line 5 in file "D:\Installations\pic\sources\c99\common\aldiv.c"
  1393 ;; Parameters:    Size  Location     Type
  1394 ;;  divisor         4   13[BANK0 ] long 
  1395 ;;  dividend        4   17[BANK0 ] long 
  1396 ;; Auto vars:     Size  Location     Type
  1397 ;;  quotient        4   24[BANK0 ] long 
  1398 ;;  sign            1   23[BANK0 ] unsigned char 
  1399 ;;  counter         1   22[BANK0 ] unsigned char 
  1400 ;; Return value:  Size  Location     Type
  1401 ;;                  4   13[BANK0 ] long 
  1402 ;; Registers used:
  1403 ;;		wreg, status,2, status,0
  1404 ;; Tracked objects:
  1405 ;;		On entry : 0/0
  1406 ;;		On exit  : 0/0
  1407 ;;		Unchanged: 0/0
  1408 ;; Data sizes:     COMMON   BANK0
  1409 ;;      Params:         0       8
  1410 ;;      Locals:         0       6
  1411 ;;      Temps:          0       1
  1412 ;;      Totals:         0      15
  1413 ;;Total ram usage:       15 bytes
  1414 ;; Hardware stack levels used: 1
  1415 ;; This function calls:
  1416 ;;		Nothing
  1417 ;; This function is called by:
  1418 ;;		_isr
  1419 ;; This function uses a non-reentrant model
  1420 ;;
  1421                           
  1422     01C9                     ___aldiv:	
  1423                           ;psect for function ___aldiv
  1424                           
  1425     01C9                     i1l838:	
  1426                           ;incstack = 0
  1427                           ; Regs used in ___aldiv: [wreg+status,2+status,0]
  1428                           
  1429     01C9  1283               	bcf	3,5	;RP0=0, select bank0
  1430     01CA  01B7               	clrf	___aldiv@sign
  1431     01CB                     i1l840:
  1432     01CB  1FB0               	btfss	___aldiv@divisor+3,7
  1433     01CC  29CE               	goto	u46_21
  1434     01CD  29CF               	goto	u46_20
  1435     01CE                     u46_21:
  1436     01CE  29DC               	goto	i1l237
  1437     01CF                     u46_20:
  1438     01CF                     i1l842:
  1439     01CF  09AD               	comf	___aldiv@divisor,f
  1440     01D0  09AE               	comf	___aldiv@divisor+1,f
  1441     01D1  09AF               	comf	___aldiv@divisor+2,f
  1442     01D2  09B0               	comf	___aldiv@divisor+3,f
  1443     01D3  0AAD               	incf	___aldiv@divisor,f
  1444     01D4  1903               	skipnz
  1445     01D5  0AAE               	incf	___aldiv@divisor+1,f
  1446     01D6  1903               	skipnz
  1447     01D7  0AAF               	incf	___aldiv@divisor+2,f
  1448     01D8  1903               	skipnz
  1449     01D9  0AB0               	incf	___aldiv@divisor+3,f
  1450     01DA  3001               	movlw	1
  1451     01DB  00B7               	movwf	___aldiv@sign
  1452     01DC                     i1l237:
  1453     01DC  1FB4               	btfss	___aldiv@dividend+3,7
  1454     01DD  29DF               	goto	u47_21
  1455     01DE  29E0               	goto	u47_20
  1456     01DF                     u47_21:
  1457     01DF  29ED               	goto	i1l848
  1458     01E0                     u47_20:
  1459     01E0                     i1l844:
  1460     01E0  09B1               	comf	___aldiv@dividend,f
  1461     01E1  09B2               	comf	___aldiv@dividend+1,f
  1462     01E2  09B3               	comf	___aldiv@dividend+2,f
  1463     01E3  09B4               	comf	___aldiv@dividend+3,f
  1464     01E4  0AB1               	incf	___aldiv@dividend,f
  1465     01E5  1903               	skipnz
  1466     01E6  0AB2               	incf	___aldiv@dividend+1,f
  1467     01E7  1903               	skipnz
  1468     01E8  0AB3               	incf	___aldiv@dividend+2,f
  1469     01E9  1903               	skipnz
  1470     01EA  0AB4               	incf	___aldiv@dividend+3,f
  1471     01EB                     i1l846:
  1472     01EB  3001               	movlw	1
  1473     01EC  06B7               	xorwf	___aldiv@sign,f
  1474     01ED                     i1l848:
  1475     01ED  3000               	movlw	0
  1476     01EE  00BB               	movwf	___aldiv@quotient+3
  1477     01EF  3000               	movlw	0
  1478     01F0  00BA               	movwf	___aldiv@quotient+2
  1479     01F1  3000               	movlw	0
  1480     01F2  00B9               	movwf	___aldiv@quotient+1
  1481     01F3  3000               	movlw	0
  1482     01F4  00B8               	movwf	___aldiv@quotient
  1483     01F5                     i1l850:
  1484     01F5  0830               	movf	___aldiv@divisor+3,w
  1485     01F6  042F               	iorwf	___aldiv@divisor+2,w
  1486     01F7  042E               	iorwf	___aldiv@divisor+1,w
  1487     01F8  042D               	iorwf	___aldiv@divisor,w
  1488     01F9  1903               	skipnz
  1489     01FA  29FC               	goto	u48_21
  1490     01FB  29FD               	goto	u48_20
  1491     01FC                     u48_21:
  1492     01FC  2A48               	goto	i1l870
  1493     01FD                     u48_20:
  1494     01FD                     i1l852:
  1495     01FD  3001               	movlw	1
  1496     01FE  00B6               	movwf	___aldiv@counter
  1497     01FF  2A0B               	goto	i1l856
  1498     0200                     i1l854:
  1499     0200  3001               	movlw	1
  1500     0201  00B5               	movwf	??___aldiv
  1501     0202                     u49_25:
  1502     0202  1003               	clrc
  1503     0203  0DAD               	rlf	___aldiv@divisor,f
  1504     0204  0DAE               	rlf	___aldiv@divisor+1,f
  1505     0205  0DAF               	rlf	___aldiv@divisor+2,f
  1506     0206  0DB0               	rlf	___aldiv@divisor+3,f
  1507     0207  0BB5               	decfsz	??___aldiv,f
  1508     0208  2A02               	goto	u49_25
  1509     0209  3001               	movlw	1
  1510     020A  07B6               	addwf	___aldiv@counter,f
  1511     020B                     i1l856:
  1512     020B  1FB0               	btfss	___aldiv@divisor+3,7
  1513     020C  2A0E               	goto	u50_21
  1514     020D  2A0F               	goto	u50_20
  1515     020E                     u50_21:
  1516     020E  2A00               	goto	i1l854
  1517     020F                     u50_20:
  1518     020F                     i1l858:
  1519     020F  3001               	movlw	1
  1520     0210  00B5               	movwf	??___aldiv
  1521     0211                     u51_25:
  1522     0211  1003               	clrc
  1523     0212  0DB8               	rlf	___aldiv@quotient,f
  1524     0213  0DB9               	rlf	___aldiv@quotient+1,f
  1525     0214  0DBA               	rlf	___aldiv@quotient+2,f
  1526     0215  0DBB               	rlf	___aldiv@quotient+3,f
  1527     0216  0BB5               	decfsz	??___aldiv,f
  1528     0217  2A11               	goto	u51_25
  1529     0218                     i1l860:
  1530     0218  0830               	movf	___aldiv@divisor+3,w
  1531     0219  0234               	subwf	___aldiv@dividend+3,w
  1532     021A  1D03               	skipz
  1533     021B  2A26               	goto	u52_25
  1534     021C  082F               	movf	___aldiv@divisor+2,w
  1535     021D  0233               	subwf	___aldiv@dividend+2,w
  1536     021E  1D03               	skipz
  1537     021F  2A26               	goto	u52_25
  1538     0220  082E               	movf	___aldiv@divisor+1,w
  1539     0221  0232               	subwf	___aldiv@dividend+1,w
  1540     0222  1D03               	skipz
  1541     0223  2A26               	goto	u52_25
  1542     0224  082D               	movf	___aldiv@divisor,w
  1543     0225  0231               	subwf	___aldiv@dividend,w
  1544     0226                     u52_25:
  1545     0226  1C03               	skipc
  1546     0227  2A29               	goto	u52_21
  1547     0228  2A2A               	goto	u52_20
  1548     0229                     u52_21:
  1549     0229  2A39               	goto	i1l866
  1550     022A                     u52_20:
  1551     022A                     i1l862:
  1552     022A  082D               	movf	___aldiv@divisor,w
  1553     022B  02B1               	subwf	___aldiv@dividend,f
  1554     022C  082E               	movf	___aldiv@divisor+1,w
  1555     022D  1C03               	skipc
  1556     022E  0F2E               	incfsz	___aldiv@divisor+1,w
  1557     022F  02B2               	subwf	___aldiv@dividend+1,f
  1558     0230  082F               	movf	___aldiv@divisor+2,w
  1559     0231  1C03               	skipc
  1560     0232  0F2F               	incfsz	___aldiv@divisor+2,w
  1561     0233  02B3               	subwf	___aldiv@dividend+2,f
  1562     0234  0830               	movf	___aldiv@divisor+3,w
  1563     0235  1C03               	skipc
  1564     0236  0F30               	incfsz	___aldiv@divisor+3,w
  1565     0237  02B4               	subwf	___aldiv@dividend+3,f
  1566     0238                     i1l864:
  1567     0238  1438               	bsf	___aldiv@quotient,0
  1568     0239                     i1l866:
  1569     0239  3001               	movlw	1
  1570     023A                     u53_25:
  1571     023A  1003               	clrc
  1572     023B  0CB0               	rrf	___aldiv@divisor+3,f
  1573     023C  0CAF               	rrf	___aldiv@divisor+2,f
  1574     023D  0CAE               	rrf	___aldiv@divisor+1,f
  1575     023E  0CAD               	rrf	___aldiv@divisor,f
  1576     023F  3EFF               	addlw	-1
  1577     0240  1D03               	skipz
  1578     0241  2A3A               	goto	u53_25
  1579     0242                     i1l868:
  1580     0242  3001               	movlw	1
  1581     0243  02B6               	subwf	___aldiv@counter,f
  1582     0244  1D03               	btfss	3,2
  1583     0245  2A47               	goto	u54_21
  1584     0246  2A48               	goto	u54_20
  1585     0247                     u54_21:
  1586     0247  2A0F               	goto	i1l858
  1587     0248                     u54_20:
  1588     0248                     i1l870:
  1589     0248  0837               	movf	___aldiv@sign,w
  1590     0249  1903               	btfsc	3,2
  1591     024A  2A4C               	goto	u55_21
  1592     024B  2A4D               	goto	u55_20
  1593     024C                     u55_21:
  1594     024C  2A58               	goto	i1l874
  1595     024D                     u55_20:
  1596     024D                     i1l872:
  1597     024D  09B8               	comf	___aldiv@quotient,f
  1598     024E  09B9               	comf	___aldiv@quotient+1,f
  1599     024F  09BA               	comf	___aldiv@quotient+2,f
  1600     0250  09BB               	comf	___aldiv@quotient+3,f
  1601     0251  0AB8               	incf	___aldiv@quotient,f
  1602     0252  1903               	skipnz
  1603     0253  0AB9               	incf	___aldiv@quotient+1,f
  1604     0254  1903               	skipnz
  1605     0255  0ABA               	incf	___aldiv@quotient+2,f
  1606     0256  1903               	skipnz
  1607     0257  0ABB               	incf	___aldiv@quotient+3,f
  1608     0258                     i1l874:
  1609     0258  083B               	movf	___aldiv@quotient+3,w
  1610     0259  00B0               	movwf	?___aldiv+3
  1611     025A  083A               	movf	___aldiv@quotient+2,w
  1612     025B  00AF               	movwf	?___aldiv+2
  1613     025C  0839               	movf	___aldiv@quotient+1,w
  1614     025D  00AE               	movwf	?___aldiv+1
  1615     025E  0838               	movf	___aldiv@quotient,w
  1616     025F  00AD               	movwf	?___aldiv
  1617     0260                     i1l247:
  1618     0260  0008               	return
  1619     0261                     __end_of___aldiv:
  1620     0000                     ___latbits      equ	0
  1621     005E                     btemp           set	94	;btemp
  1622     005E                     wtemp0          set	94
  1623                           
  1624                           	psect	config
  1625                           
  1626                           ;Config register CONFIG @ 0x2007
  1627                           ;	Oscillator Selection bits
  1628                           ;	FOSC = INTRCIO, INTOSC oscillator: I/O function on GP4/OSC2/CLKOUT pin, I/O function o
      +                          n GP5/OSC1/CLKIN
  1629                           ;	Watchdog Timer Enable bit
  1630                           ;	WDTE = OFF, WDT disabled
  1631                           ;	Power-Up Timer Enable bit
  1632                           ;	PWRTE = ON, PWRT enabled
  1633                           ;	GP3/MCLR pin function select
  1634                           ;	MCLRE = OFF, GP3/MCLR pin function is digital I/O, MCLR internally tied to VDD
  1635                           ;	Brown-out Detect Enable bit
  1636                           ;	BOREN = OFF, BOD disabled
  1637                           ;	Code Protection bit
  1638                           ;	CP = OFF, Program Memory code protection is disabled
  1639                           ;	Data Code Protection bit
  1640                           ;	CPD = OFF, Data memory code protection is disabled
  1641     2007                     	org	8199
  1642     2007  3184               	dw	12676

Data Sizes:
    Strings     0
    Constant    0
    Data        1
    BSS         15
    Persistent  0
    Stack       0

Auto Spaces:
    Space          Size  Autos    Used
    COMMON            0      0       0
    BANK0            62     45      61

Pointer List with Targets:

    None.

Critical Paths under _main in COMMON

    None.

Critical Paths under _isr in COMMON

    None.

Critical Paths under _main in BANK0

    None.

Critical Paths under _isr in BANK0

    _isr->___aldiv
    ___aldiv->___lmul

Call Graph Tables:

 ---------------------------------------------------------------------------------
 (Depth) Function   	        Calls       Base Space   Used Autos Params    Refs
 ---------------------------------------------------------------------------------
 (0) _main                                                 0     0      0       0
 ---------------------------------------------------------------------------------
 Estimated maximum stack depth 0
 ---------------------------------------------------------------------------------
 (Depth) Function   	        Calls       Base Space   Used Autos Params    Refs
 ---------------------------------------------------------------------------------
 (1) _isr                                                 17    17      0     797
                                             28 BANK0     17    17      0
                            ___aldiv
                            ___awdiv
                             ___lmul
 ---------------------------------------------------------------------------------
 (2) ___lmul                                              13     5      8      98
                                              0 BANK0     13     5      8
 ---------------------------------------------------------------------------------
 (2) ___awdiv                                              8     4      4     302
                                              0 BANK0      8     4      4
 ---------------------------------------------------------------------------------
 (2) ___aldiv                                             15     7      8     306
                                             13 BANK0     15     7      8
                             ___lmul (ARG)
 ---------------------------------------------------------------------------------
 Estimated maximum stack depth 2
 ---------------------------------------------------------------------------------

 Call Graph Graphs:

 _main (ROOT)

 _isr (ROOT)
   ___aldiv
     ___lmul (ARG)
   ___awdiv
   ___lmul

Address spaces:
Name               Size   Autos  Total    Usage
BANK0               62     45      61     98.4%
BITBANK0            62      0       0      0.0%
COMMON               0      0       0      0.0%
BITCOMMON            0      0       0      0.0%
DATA                 0      0      61      0.0%
STACK                0      0       0      0.0%


Microchip Technology PIC Macro Assembler V2.50 build 20240725155939 
Symbol Table                                                                                   Mon Jul 21 19:37:44 2025

                     l83 0324                       l84 0324             ___awdiv@sign 0025  
                     fsr 0004                      _GP0 0028                      _GP1 0029  
                    _WPU 0095                      _isr 0017                      indf 0000  
                   l1010 0319                     l1012 031D                     l1014 0320  
                   l1016 0322                     l1008 030C                     ?_isr 0020  
                   _ADON 00F8                     i1l70 0185                     i1l57 002A  
                   i1l75 01AA                     i1l68 01BE                     i1l78 01C1  
                   _TMR0 0001                     _main 030C                     _tens 0053  
                   btemp 005E                     start 000D                    ??_isr 003C  
        __end_of___aldiv 0261                    ?_main 0020          __end_of___awdiv 02C5  
                  _CMCON 0019                    _ANSEL 009F          ___awdiv@divisor 0020  
                  i1l237 01DC                    i1l325 02C4                    i1l247 0260  
                  i1l186 030B                    i1l900 028B                    i1l910 02A9  
                  i1l902 028D                    i1l830 02E9                    i1l840 01CB  
                  i1l912 02B0                    i1l904 0291                    i1l832 02F2  
                  i1l824 02C5                    i1l850 01F5                    i1l842 01CF  
                  i1l906 02A2                    i1l914 02B6                    i1l834 0303  
                  i1l826 02CE                    i1l930 0026                    i1l922 0017  
                  i1l860 0218                    i1l852 01FD                    i1l844 01E0  
                  i1l916 02BB                    i1l908 02A8                    i1l828 02D2  
                  i1l940 00AB                    i1l932 0029                    i1l924 001F  
                  i1l862 022A                    i1l854 0200                    i1l870 0248  
                  i1l846 01EB                    i1l838 01C9                    i1l918 02C0  
                  i1l950 0129                    i1l942 00F8                    i1l934 002E  
                  i1l926 0020                    i1l872 024D                    i1l864 0238  
                  i1l856 020B                    i1l848 01ED                    i1l880 0263  
                  i1l960 014C                    i1l952 012D                    i1l944 0113  
                  i1l936 0034                    i1l928 0025                    i1l874 0258  
                  i1l866 0239                    i1l858 020F                    i1l890 0277  
                  i1l882 0267                    i1l962 0155                    i1l954 0136  
                  i1l970 0168                    i1l946 0117                    i1l938 005D  
                  i1l868 0242                    i1l892 0279                    i1l884 026C  
                  i1l980 017F                    i1l972 016D                    i1l964 0159  
                  i1l956 013F                    i1l948 0120                    i1l894 027B  
                  i1l886 026E                    i1l878 0261                    i1l982 0183  
                  i1l990 0198                    i1l966 0162                    i1l958 0143  
                  i1l974 0173                    i1l896 0281                    i1l888 0272  
                  i1l992 019D                    i1l984 0186                    i1l976 0178  
                  i1l968 0164                    i1l898 0284                    i1l994 019E  
                  i1l986 0193                    i1l978 017E                    i1l996 01A4  
                  i1l988 0195                    i1l998 01A8          ___awdiv@counter 0024  
                  u41_20 02D2                    u41_21 02D1                    u50_20 020F  
                  u50_21 020E                    u42_21 02DB                    u42_22 02E2  
                  u42_23 02E9                    u51_25 0211                    u43_25 02EB  
                  u52_20 022A                    u60_20 0291                    u52_21 0229  
                  u60_21 0290                    u52_25 0226                    u44_25 02F3  
                  u45_20 0303                    u45_21 0302                    u53_25 023A  
                  u61_25 0292                    u54_20 0248                    u46_20 01CF  
                  u62_20 02A2                    u54_21 0247                    u46_21 01CE  
                  u62_21 02A1                    u70_21 00CB                    u70_22 00CC  
                  u70_23 00D1                    u70_24 00D2                    u62_25 029E  
                  u70_25 00D7                    u70_26 00D8                    u55_20 024D  
                  u47_20 01E0                    u71_20 0113                    u55_21 024C  
                  u47_21 01DF                    u71_21 0112                    u63_25 02AA  
                  u48_20 01FD                    u64_20 02B6                    u56_20 0267  
                  u80_20 01B8                    u72_20 0129                    u48_21 01FC  
                  u64_21 02B5                    u56_21 0266                    u80_21 01B7  
                  u72_21 0128                    u80_25 01B4                    u65_20 02BB  
                  u57_20 0272                    u73_20 013F                    u65_21 02BA  
                  u57_21 0271                    u73_21 013E                    u49_25 0202  
                  u58_20 0281                    u74_20 0155                    u66_20 001F  
                  u58_21 0280                    u74_21 0154                    u66_21 001E  
                  u75_20 0178                    u67_20 0025                    u75_21 0177  
                  u67_21 0024                    u59_25 0285                    u76_20 0183  
                  u68_20 002E                    u76_21 0182                    u68_21 002D  
                  u77_20 0193                    u77_21 0192                    u69_21 007E  
                  u69_22 007F                    u69_23 0084                    u69_24 0085  
                  u77_25 018F                    u69_25 008A                    u69_26 008B  
                  u78_20 019D                    u78_21 019C                    u79_20 01A8  
                  u79_21 01A7      ___lmul@multiplicand 0024                    _units 0051  
                  pclath 000A                    status 0003                    wtemp0 005E  
        __initialization 000E             __end_of_main 0326                   ??_main 0000  
                 _ADCON0 001F                   _ADRESH 001E                   _ADRESL 009E  
       ___awdiv@dividend 0022                   i1l1000 01AB                   i1l1002 01B8  
                 i1l1004 01BB                   i1l1006 01BE                   _INTCON 000B  
                 _OSCCAL 0090                   _TMR0IF 005A                   _TRISIO 0085  
          _readAndDecide 005C                   ___lmul 02C5                ??___aldiv 0035  
              ??___awdiv 0000         ___awdiv@quotient 0026                   saved_w 005E  
__end_of__initialization 0015           __pcstackCOMMON 0000             __pidataBANK0 032E  
             __pbssBANK0 004D               __pmaintext 030C                  ?___lmul 0020  
             __pintentry 0004           ___lmul@product 0029             isr@temp_x100 0049  
                ___aldiv 01C9                  ___awdiv 0261                  __ptext1 0017  
                __ptext2 02C5                  __ptext3 0261                  __ptext4 01C9  
                _counter 005B                  _reading 0057         ___aldiv@dividend 0031  
                clrloop0 0327                  _voltage 0055     end_of_initialization 0015  
       ___aldiv@quotient 0038           __end_of___lmul 030C      start_initialization 000E  
            __end_of_isr 01C9               isr@vadc_mV 004B                 ??___lmul 0028  
            __pdataBANK0 005C                ___latbits 0000            __pcstackBANK0 0020  
           _executeUnits 0059                 ?___aldiv 002D                 ?___awdiv 0020  
        ___aldiv@divisor 002D        interrupt_function 0004          ___aldiv@counter 0036  
              clear_ram0 0326                _temp_x100 004D                 _GO_nDONE 00F9  
      ___lmul@multiplier 0020              _executeTens 005A                 isr@r_ntc 0047  
               intlevel1 0000               _OPTION_REG 0081             ___aldiv@sign 0037  
