Microchip MPLAB XC8 Compiler V2.50

Linker command line:

-W-3 --edf=D:\Installations\pic\dat\20240725155939_en.msgs -cn \
  -h+dist/default/production\analog-input.X.production.sym \
  --cmf=dist/default/production\analog-input.X.production.cmf -z -Q12F675 \
  -oC:\Users\Clovisf\AppData\Local\Temp\xcAsc3c.\driver_tmp_3.o \
  --defsym=__MPLAB_BUILD=1 --fixupoverflow=error \
  -Mdist/default/production/analog-input.X.production.map \
  --md=C:\Users\Clovisf\AppData\Local\Temp\xcAsc3c.\driver_tmp_0.dat -E1 \
  -ver=XC8 Compiler --acfsm=1493 -ACODE=00h-03FEh -ASTRCODE=00h-03FEh \
  -ASTRING=00h-0FFhx3,0300h-03FEh -ACONST=00h-0FFhx3,0300h-03FEh \
  -AENTRY=00h-0FFhx3,0300h-03FEh -ABANK0=020h-05Dh -ARAM=020h-05Dh \
  -AABS1=020h-05Fh -ACOMMON=05Eh-05Fh -ASFR0=00h-01Fh -ASFR1=080h-0DDh \
  -ACONFIG=02007h-02007h -DCONFIG=2 -AIDLOC=02000h-02003h -DIDLOC=2 \
  -AEEDATA=00h-07Fh/02100h -peeprom_data=EEDATA -DEEDATA=2 -DCODE=2 \
  -DSTRCODE=2 -DSTRING=2 -DCONST=2 -DENTRY=2 \
  -preset_vec=00h,intentry=04h,sivt,init,end_init -ppowerup=CODE \
  -pcinit=CODE -pfunctab=ENTRY -posccal=03FFh -k \
  C:\Users\Clovisf\AppData\Local\Temp\xcAsc3c.\driver_tmp_12.o \
  dist/default/production\analog-input.X.production.o 

Object code version is 3.11

Machine type is 12F675



                Name                               Link     Load   Length Selector   Space Scale
C:\Users\Clovisf\AppData\Local\Temp\xcAsc3c.\driver_tmp_12.o
                end_init                              D        D        1        8       0
                reset_vec                             0        0        1        0       0
                config                             2007     2007        1        0       4
dist/default/production\analog-input.X.production.o
                cinit                                 E        E        9        8       0
                intentry                              4        4        9        8       0
                config                             2007     2007        1        0       4
                text4                               1C9      1C9       98        8       0
                text3                               261      261       64        8       0
                text2                               2C5      2C5       47        8       0
                text1                                17       17      1B2        8       0
                maintext                            30C      30C       1A        8       0
                cstackBANK0                          20       20       2D       20       1
                clrtext                             326      326        8        8       0
                dataBANK0                            5C       5C        1       20       1
                bssBANK0                             4D       4D        F       20       1
                idataBANK0                          32E      32E        1        8       0

TOTAL           Name                               Link     Load   Length     Space
        CLASS   CODE           
                end_init                              D        D        1         0
                cinit                                 E        E        9         0
                intentry                              4        4        9         0
                reset_vec                             0        0        1         0
                text4                               1C9      1C9       98         0
                text3                               261      261       64         0
                text2                               2C5      2C5       47         0
                text1                                17       17      1B2         0
                maintext                            30C      30C       1A         0
                clrtext                             326      326        8         0
                idataBANK0                          32E      32E        1         0

        CLASS   STRCODE        

        CLASS   STRING         

        CLASS   CONST          

        CLASS   ENTRY          

        CLASS   BANK0          
                cstackBANK0                          20       20       2D         1
                dataBANK0                            5C       5C        1         1
                bssBANK0                             4D       4D        F         1

        CLASS   RAM            

        CLASS   ABS1           
                abs_s1                               5E       5E        2         1

        CLASS   COMMON         

        CLASS   SFR0           

        CLASS   SFR1           

        CLASS   CONFIG         
                config                             2007     2007        1         4

        CLASS   IDLOC          

        CLASS   EEDATA         

        CLASS   BANK1          

        CLASS   HEAP           

        CLASS   STACK          



SEGMENTS        Name                           Load    Length   Top    Selector   Space  Class     Delta

                reset_vec                      000000  000001  000001         0       0  CODE        2
                intentry                       000004  00032B  00032F         8       0  CODE        2
                cstackBANK0                    000020  00003D  00005D        20       1  BANK0       1


UNUSED ADDRESS RANGES

        Name                Unused          Largest block    Delta
        BANK0            005D-005D              1           1
        CODE             0001-0003              3           2
                         032F-03FE             D0
        CONST            0001-0003              3           2
                         032F-03FE             D0
        EEDATA           2100-217F             80           2
        ENTRY            0001-0003              3           2
                         032F-03FE             D0
        IDLOC            2000-2003              4           2
        RAM              005D-005D              1           1
        SFR0             0000-001F             20           1
        SFR1             0080-00DD             5E           1
        STRCODE          0001-0003              3           2
                         032F-03FE             D0
        STRING           0001-0003              3           2
                         032F-03FE             D0

                                  Symbol Table

?___aldiv                cstackBANK0  002D
?___awdiv                cstackBANK0  0020
?___lmul                 cstackBANK0  0020
_ADCON0                  (abs)        001F
_ADON                    (abs)        00F8
_ADRESH                  (abs)        001E
_ADRESL                  (abs)        009E
_ANSEL                   (abs)        009F
_CMCON                   (abs)        0019
_GO_nDONE                (abs)        00F9
_GP0                     (abs)        0028
_GP1                     (abs)        0029
_INTCON                  (abs)        000B
_OPTION_REG              (abs)        0081
_OSCCAL                  (abs)        0090
_TMR0                    (abs)        0001
_TMR0IF                  (abs)        005A
_TRISIO                  (abs)        0085
_WPU                     (abs)        0095
__H__absolute__          __absolute__ 0000
__Habs1                  abs1         07FE
__Hbank0                 bank0        07FE
__Hbank1                 bank1        07FE
__HbssBANK0              bssBANK0     07FE
__Hcinit                 cinit        0017
__Hclrtext               clrtext      07FE
__Hcode                  code         07FE
__Hcommon                common       07FE
__Hconfig                config       2008
__HcstackBANK0           cstackBANK0  07FE
__HcstackCOMMON          cstackCOMMON 07FE
__HdataBANK0             dataBANK0    07FE
__Heeprom_data           eeprom_data  0000
__Hend_init              end_init     000E
__Hfunctab               functab      0000
__Hheap                  heap         07FE
__HidataBANK0            idataBANK0   07FE
__Hinit                  init         000D
__Hintentry              intentry     000D
__Hmaintext              maintext     07FE
__Hosccal                osccal       03FF
__Hpowerup               powerup      0000
__Hram                   ram          07FE
__Hreset_vec             reset_vec    0001
__Hsfr0                  sfr0         07FE
__Hsfr1                  sfr1         07FE
__Hsivt                  sivt         000D
__Hspace_0               (abs)        07FE
__Hspace_1               (abs)        07FE
__Hspace_2               (abs)        07FE
__Hspace_3               (abs)        0000
__Hspace_4               (abs)        400F
__Hstack                 stack        07FE
__Hstrings               strings      07FE
__Htext                  text         07FE
__L__absolute__          __absolute__ 0000
__Labs1                  abs1         07FE
__Lbank0                 bank0        07FE
__Lbank1                 bank1        07FE
__LbssBANK0              bssBANK0     07FE
__Lcinit                 cinit        000E
__Lclrtext               clrtext      07FE
__Lcode                  code         07FE
__Lcommon                common       07FE
__Lconfig                config       0000
__LcstackBANK0           cstackBANK0  07FE
__LcstackCOMMON          cstackCOMMON 07FE
__LdataBANK0             dataBANK0    07FE
__Leeprom_data           eeprom_data  0000
__Lend_init              end_init     000D
__Lfunctab               functab      0000
__Lheap                  heap         07FE
__LidataBANK0            idataBANK0   07FE
__Linit                  init         000D
__Lintentry              intentry     0004
__Lmaintext              maintext     07FE
__Losccal                osccal       03FF
__Lpowerup               powerup      0000
__Lram                   ram          07FE
__Lreset_vec             reset_vec    0000
__Lsfr0                  sfr0         07FE
__Lsfr1                  sfr1         07FE
__Lsivt                  sivt         000D
__Lspace_0               (abs)        0000
__Lspace_1               (abs)        0000
__Lspace_2               (abs)        0000
__Lspace_3               (abs)        0000
__Lspace_4               (abs)        0000
__Lstack                 stack        07FE
__Lstrings               strings      07FE
__Ltext                  text         07FE
__S0                     (abs)        032F
__S1                     (abs)        005D
__S3                     (abs)        0000
___aldiv                 text4        01C9
___aldiv@counter         cstackBANK0  0036
___aldiv@dividend        cstackBANK0  0031
___aldiv@divisor         cstackBANK0  002D
___aldiv@quotient        cstackBANK0  0038
___aldiv@sign            cstackBANK0  0037
___awdiv                 text3        0261
___awdiv@counter         cstackBANK0  0024
___awdiv@dividend        cstackBANK0  0022
___awdiv@divisor         cstackBANK0  0020
___awdiv@quotient        cstackBANK0  0026
___awdiv@sign            cstackBANK0  0025
___heap_hi               (abs)        0000
___heap_lo               (abs)        0000
___int_sp                stack        07FE
___int_stack_hi          stack        07FE
___int_stack_lo          stack        07FE
___latbits               (abs)        0000
___lmul                  text2        02C5
___lmul@multiplicand     cstackBANK0  0024
___lmul@multiplier       cstackBANK0  0020
___lmul@product          cstackBANK0  0029
___osccal_val            osccal       03FF
___sp                    stack        07FE
___stack_hi              stack        07FE
___stack_lo              stack        07FE
___stackhi               (abs)        0000
___stacklo               (abs)        0000
__end_of___aldiv         text4        0261
__end_of___awdiv         text3        02C5
__end_of___lmul          text2        030C
__end_of__initialization cinit        0015
__end_of_isr             text1        01C9
__end_of_main            maintext     0326
__initialization         cinit        000E
__pbssBANK0              bssBANK0     004D
__pcstackBANK0           cstackBANK0  0020
__pcstackCOMMON          cstackCOMMON 0000
__pdataBANK0             dataBANK0    005C
__pidataBANK0            idataBANK0   032E
__pintentry              intentry     0004
__pmaintext              maintext     030C
__ptext1                 text1        0017
__ptext2                 text2        02C5
__ptext3                 text3        0261
__ptext4                 text4        01C9
_counter                 bssBANK0     005B
_executeTens             bssBANK0     005A
_executeUnits            bssBANK0     0059
_isr                     text1        0017
_main                    maintext     030C
_readAndDecide           dataBANK0    005C
_reading                 bssBANK0     0057
_temp_x100               bssBANK0     004D
_tens                    bssBANK0     0053
_units                   bssBANK0     0051
_voltage                 bssBANK0     0055
btemp                    (abs)        005E
clear_ram0               clrtext      0326
end_of_initialization    cinit        0015
interrupt_function       intentry     0004
intlevel0                functab      0000
intlevel1                functab      0000
intlevel2                functab      0000
intlevel3                functab      0000
intlevel4                functab      0000
intlevel5                functab      0000
isr@r_ntc                cstackBANK0  0047
isr@temp_x100            cstackBANK0  0049
isr@vadc_mV              cstackBANK0  004B
reset_vec                reset_vec    0000
saved_w                  (abs)        005E
start                    init         000D
start_initialization     cinit        000E
wtemp0                   (abs)        005E


MODULE INFORMATION

Module		Function		Class		Link	Load	Size
D:\Installations\pic\sources\c99\common\Umul32.c
		___lmul        		CODE           	02C5	0000	71

D:\Installations\pic\sources\c99\common\Umul32.c estimated size: 71

D:\Installations\pic\sources\c99\common\awdiv.c
		___awdiv       		CODE           	0261	0000	100

D:\Installations\pic\sources\c99\common\awdiv.c estimated size: 100

D:\Installations\pic\sources\c99\common\aldiv.c
		___aldiv       		CODE           	01C9	0000	152

D:\Installations\pic\sources\c99\common\aldiv.c estimated size: 152

shared
		__initialization		CODE           	000E	0000	7

shared estimated size: 7

main.c
		_main          		CODE           	030C	0000	26
		_isr           		CODE           	0017	0000	434

main.c estimated size: 460

